{
  "Headers": [
    {
      "Key": "Cache-Control",
      "Value": [
        "public, max-age=2000"
      ]
    }
  ],
  "ContentHeaders": [
    {
      "Key": "Content-Type",
      "Value": [
        "application/json; charset=utf-8"
      ]
    }
  ],
  "Body": "{\"data\":{\"field1\":\"Test\"}}"
}
