{
  "Headers": [
    {
      "Key": "Cache-Control",
      "Value": [
        "max-age=2000, private"
      ]
    }
  ],
  "ContentHeaders": [
    {
      "Key": "Content-Type",
      "Value": [
        "application/json; charset=utf-8"
      ]
    }
  ],
  "Body": "{\"data\":{\"field\":\"\"}}"
}
